******************************************************************************
                  TI ARM Linker PC v5.2.5                      
******************************************************************************
>> Linked Mon May 02 22:26:43 2016

OUTPUT FILE NAME:   <MOPPING_BOT.out>
ENTRY POINT SYMBOL: "_c_int00"  address: 00003a11


MEMORY CONFIGURATION

         name            origin    length      used     unused   attr    fill
----------------------  --------  ---------  --------  --------  ----  --------
  FLASH                 00000000   00040000  00003cca  0003c336  R  X
  SRAM                  20000000   00008000  000079bd  00000643  RW X


SEGMENT ALLOCATION MAP

run origin  load origin   length   init length attrs members
----------  ----------- ---------- ----------- ----- -------
00000000    00000000    00003cd0   00003cd0    r-x
  00000000    00000000    0000026c   0000026c    r-- .intvecs
  0000026c    0000026c    00003976   00003976    r-x .text
  00003be4    00003be4    000000a0   000000a0    r-- .const
  00003c88    00003c88    00000048   00000048    r-- .cinit
20000000    20000000    000079c0   00000000    rw-
  20000000    20000000    00007755   00000000    rw- .bss
  20007758    20007758    00000200   00000000    rw- .stack
  20007958    20007958    00000068   00000000    rw- .data


SECTION ALLOCATION MAP

 output                                  attributes/
section   page    origin      length       input sections
--------  ----  ----------  ----------   ----------------
.intvecs   0    00000000    0000026c     
                  00000000    0000026c     tm4c123gh6pm_startup_ccs.obj (.intvecs)

.text      0    0000026c    00003976     
                  0000026c    00001780     tasks.obj (.text)
                  000019ec    00000990     queue.obj (.text)
                  0000237c    000004dc     uartstdio.obj (.text)
                  00002858    00000434     rgb.obj (.text)
                  00002c8c    000001e4     led_task.obj (.text)
                  00002e70    000001cc     heap_2.obj (.text)
                  0000303c    0000019c     switch_task.obj (.text)
                  000031d8    0000012a     list.obj (.text)
                  00003302    00000002     rtsv7M4_T_le_v4SPD16_eabi.lib : i_div0.obj (.text)
                  00003304    00000128     buttons.obj (.text)
                  0000342c    00000128     port.obj (.text)
                  00003554    00000110     driverlib.lib : sysctl.obj (.text:SysCtlClockGet)
                  00003664    000000ec     freertos_demo.obj (.text)
                  00003750    000000d2     portasm.obj (.text)
                  00003822    0000009c     rtsv7M4_T_le_v4SPD16_eabi.lib : memcpy_t2.obj (.text)
                  000038be    0000007a                                   : memset_t2.obj (.text)
                  00003938    0000006c                                   : autoinit.obj (.text)
                  000039a4    0000006a                                   : copy_decompress_rle.obj (.text)
                  00003a0e    00000002     --HOLE-- [fill = 0]
                  00003a10    00000050                                   : boot.obj (.text)
                  00003a60    00000050                                   : fs_toull_t2.obj (.text)
                  00003ab0    0000004c                                   : cpy_tbl.obj (.text)
                  00003afc    00000044                                   : exit.obj (.text)
                  00003b40    00000040                                   : u_divt2.obj (.text)
                  00003b80    00000018                                   : args_main.obj (.text)
                  00003b98    00000014                                   : _lock.obj (.text)
                  00003bac    0000000e                                   : copy_decompress_none.obj (.text:decompress:none)
                  00003bba    0000000c                                   : copy_zero_init.obj (.text:decompress:ZI)
                  00003bc6    0000000c     tm4c123gh6pm_startup_ccs.obj (.text)
                  00003bd2    00000006     driverlib.lib : uart.obj (.text:UARTClockSourceSet)
                  00003bd8    00000006     rtsv7M4_T_le_v4SPD16_eabi.lib : copy_decompress_rle.obj (.text:decompress:rle24)
                  00003bde    00000004                                   : pre_init.obj (.text)

.const     0    00003be4    000000a0     
                  00003be4    0000006c     driverlib.lib : sysctl.obj (.const:g_pui32Xtals)
                  00003c50    0000001c     uartstdio.obj (.const)
                  00003c6c    00000012     uartstdio.obj (.const:.string)
                  00003c7e    00000002     heap_2.obj (.const)
                  00003c80    00000004     port.obj (.const)

.cinit     0    00003c88    00000048     
                  00003c88    00000024     (.cinit..data.load) [load image, compression = rle]
                  00003cac    0000000c     (__TI_handler_table)
                  00003cb8    00000008     (.cinit..bss.load) [load image, compression = zero_init]
                  00003cc0    00000010     (__TI_cinit_table)

.init_array 
*          0    00000000    00000000     UNINITIALIZED

.bss       0    20000000    00007755     UNINITIALIZED
                  20000000    00007530     heap_2.obj (.bss:ucHeap)
                  20007530    00000140     tasks.obj (.bss:pxReadyTasksLists)
                  20007670    00000050     queue.obj (.bss:xQueueRegistry)
                  200076c0    00000014     (.common:xDelayedTaskList1)
                  200076d4    00000014     (.common:xDelayedTaskList2)
                  200076e8    00000014     (.common:xPendingReadyList)
                  200076fc    00000014     (.common:xSuspendedTaskList)
                  20007710    00000014     (.common:xTasksWaitingTermination)
                  20007724    0000000c     (.common:g_ui32Colors)
                  20007730    00000008     (.common:xEnd)
                  20007738    00000008     (.common:xStart)
                  20007740    00000004     (.common:g_pLEDQueue)
                  20007744    00000004     (.common:g_pUARTSemaphore)
                  20007748    00000004     (.common:pxDelayedTaskList)
                  2000774c    00000004     (.common:pxOverflowDelayedTaskList)
                  20007750    00000004     (.common:ulFlags$1)
                  20007754    00000001     (.common:g_ui8ColorsIndx)

.TI.noinit 
*          0    20000000    00000000     UNINITIALIZED

.stack     0    20007758    00000200     UNINITIALIZED
                  20007758    00000200     --HOLE--

.data      0    20007958    00000068     UNINITIALIZED
                  20007958    00000030     tasks.obj (.data)
                  20007988    0000000c     led_task.obj (.data)
                  20007994    00000008     heap_2.obj (.data)
                  2000799c    00000008     rtsv7M4_T_le_v4SPD16_eabi.lib : _lock.obj (.data)
                  200079a4    00000008                                   : exit.obj (.data)
                  200079ac    00000005     uartstdio.obj (.data)
                  200079b1    00000003     buttons.obj (.data)
                  200079b4    00000004     port.obj (.data)
                  200079b8    00000004     rgb.obj (.data)
                  200079bc    00000004     rtsv7M4_T_le_v4SPD16_eabi.lib : stkdepth_vars.obj (.data)

.TI.persistent 
*          0    20007958    00000000     UNINITIALIZED


LINKER GENERATED COPY TABLES

__TI_cinit_table @ 00003cc0 records: 2, size/record: 8, table size: 16
	.data: load addr=00003c88, load size=00000024 bytes, run addr=20007958, run size=00000068 bytes, compression=rle
	.bss: load addr=00003cb8, load size=00000008 bytes, run addr=20000000, run size=00007755 bytes, compression=zero_init


LINKER GENERATED HANDLER TABLE

__TI_handler_table @ 00003cac records: 3, size/record: 4, table size: 12
	index: 0, handler: __TI_decompress_rle24
	index: 1, handler: __TI_decompress_none
	index: 2, handler: __TI_zero_init


GLOBAL SYMBOLS: SORTED ALPHABETICALLY BY Name 

address   name                             
-------   ----                             
000033ab  ButtonsInit                      
00003305  ButtonsPoll                      
00003afd  C$$EXIT                          
0000366f  ConfigureUART                    
00002d73  LEDTaskInit                      
00002859  RGBBlinkIntHandler               
00002b65  RGBBlinkRateSet                  
00002bf9  RGBColorGet                      
00002aa1  RGBColorSet                      
00002a2b  RGBDisable                       
00002973  RGBEnable                        
00002887  RGBInit                          
00002b51  RGBIntensitySet                  
00002a89  RGBSet                           
00003bc7  ResetISR                         
UNDEFED   SHT$$INIT_ARRAY$$Base            
UNDEFED   SHT$$INIT_ARRAY$$Limit           
00003119  SwitchTaskInit                   
00003555  SysCtlClockGet                   
00003bd3  UARTClockSourceSet               
0000237d  UARTStdioConfig                  
000024f5  UARTgetc                         
0000242f  UARTgets                         
00002823  UARTprintf                       
00002529  UARTvprintf                      
000023dd  UARTwrite                        
20007958  __STACK_END                      
00000200  __STACK_SIZE                     
20007958  __STACK_TOP                      
00003cc0  __TI_CINIT_Base                  
00003cd0  __TI_CINIT_Limit                 
00003cac  __TI_Handler_Table_Base          
00003cb8  __TI_Handler_Table_Limit         
00003939  __TI_auto_init                   
200079a4  __TI_cleanup_ptr                 
00003bad  __TI_decompress_none             
00003bd9  __TI_decompress_rle24            
200079a8  __TI_dtors_ptr                   
00000000  __TI_static_base__               
00003bbb  __TI_zero_init                   
00003a61  __aeabi_f2ulz                    
00003303  __aeabi_idiv0                    
000038bf  __aeabi_memclr                   
000038bf  __aeabi_memclr4                  
000038bf  __aeabi_memclr8                  
00003823  __aeabi_memcpy                   
00003823  __aeabi_memcpy4                  
00003823  __aeabi_memcpy8                  
000038c1  __aeabi_memset                   
000038c1  __aeabi_memset4                  
000038c1  __aeabi_memset8                  
00003b41  __aeabi_uidiv                    
00003b41  __aeabi_uidivmod                 
ffffffff  __binit__                        
ffffffff  __c_args__                       
20007758  __stack                          
00003b81  _args_main                       
00003a11  _c_int00                         
2000799c  _lock                            
00003ba7  _nop                             
00003b9f  _register_lock                   
00003b99  _register_unlock                 
00003bdf  _system_pre_init                 
200079a0  _unlock                          
00003b01  abort                            
ffffffff  binit                            
00003ab1  copy_in                          
00003b09  exit                             
20007740  g_pLEDQueue                      
20007744  g_pUARTSemaphore                 
00000000  g_pfnVectors                     
000036c9  main                             
200079bc  main_func_sp                     
00003823  memcpy                           
000038c7  memset                           
00002e71  pvPortMalloc                     
00001533  pvTaskIncrementMutexHeldCount    
20007958  pxCurrentTCB                     
0000342d  pxPortInitialiseStack            
000020e3  ucQueueGetQueueType              
00003c80  ulMaxSyscallInterruptPriority    
00003761  ulPortGetIPSR                    
0000154b  ulTaskNotifyTake                 
000032bb  uxListRemove                     
000020c3  uxQueueGetQueueNumber            
00002065  uxQueueMessagesWaiting           
0000209b  uxQueueMessagesWaitingFromISR    
0000207b  uxQueueSpacesAvailable           
00000a55  uxTaskGetNumberOfTasks           
0000130d  uxTaskGetStackHighWaterMark      
00000a61  uxTaskGetSystemState             
00000f79  uxTaskGetTaskNumber              
00000527  uxTaskPriorityGet                
00000559  uxTaskPriorityGetFromISR         
00001511  uxTaskResetEventItemValue        
00003665  vApplicationStackOverflowHook    
000031d9  vListInitialise                  
00003209  vListInitialiseItem              
00003255  vListInsert                      
00003219  vListInsertEnd                   
00003815  vPortEnableVFP                   
000034c9  vPortEndScheduler                
000034cb  vPortEnterCritical               
000034eb  vPortExitCritical                
00002f77  vPortFree                        
00002fdf  vPortInitialiseBlocks            
000037d9  vPortSVCHandler                  
00003527  vPortSetupTimerInterrupt         
000037f9  vPortStartFirstTask              
000022f7  vQueueAddToRegistry              
000020ad  vQueueDelete                     
000020d1  vQueueSetQueueNumber             
00002339  vQueueUnregisterQueue            
000004cb  vTaskDelay                       
00000423  vTaskDelayUntil                  
00000387  vTaskDelete                      
00000921  vTaskEndScheduler                
00000f67  vTaskMissedYield                 
000018f5  vTaskNotifyGiveFromISR           
00000d05  vTaskPlaceOnEventList            
00000d6d  vTaskPlaceOnUnorderedEventList   
000013b9  vTaskPriorityInherit             
000005ad  vTaskPrioritySet                 
000007b5  vTaskResume                      
00000f99  vTaskSetTaskNumber               
00000ecf  vTaskSetTimeOutState             
000008c9  vTaskStartScheduler              
000006c1  vTaskSuspend                     
0000093d  vTaskSuspendAll                  
00000c5d  vTaskSwitchContext               
00002fd9  xPortGetFreeHeapSize             
00003779  xPortPendSVHandler               
00003493  xPortStartScheduler              
00003501  xPortSysTickHandler              
00001af9  xQueueCreateMutex                
00001a89  xQueueGenericCreate              
00001e27  xQueueGenericReceive             
000019ed  xQueueGenericReset               
00001bf5  xQueueGenericSend                
00001d1b  xQueueGenericSendFromISR         
00001da7  xQueueGiveFromISR                
00001b6f  xQueueGiveMutexRecursive         
00002293  xQueueIsQueueEmptyFromISR        
000022d5  xQueueIsQueueFullFromISR         
00002013  xQueuePeekFromISR                
00001f8d  xQueueReceiveFromISR             
20007670  xQueueRegistry                   
00001bab  xQueueTakeMutexRecursive         
00000eed  xTaskCheckForTimeOut             
0000026d  xTaskGenericCreate               
000016fb  xTaskGenericNotify               
000017ed  xTaskGenericNotifyFromISR        
0000139d  xTaskGetCurrentTaskHandle        
00000a2b  xTaskGetTickCount                
00000a41  xTaskGetTickCountFromISR         
00000b35  xTaskIncrementTick               
0000199b  xTaskNotifyStateClear            
00001611  xTaskNotifyWait                  
00001473  xTaskPriorityDisinherit          
00000de1  xTaskRemoveFromEventList         
00000e5d  xTaskRemoveFromUnorderedEventList
00000955  xTaskResumeAll                   
00000837  xTaskResumeFromISR               


GLOBAL SYMBOLS: SORTED BY Symbol Address 

address   name                             
-------   ----                             
00000000  __TI_static_base__               
00000000  g_pfnVectors                     
00000200  __STACK_SIZE                     
0000026d  xTaskGenericCreate               
00000387  vTaskDelete                      
00000423  vTaskDelayUntil                  
000004cb  vTaskDelay                       
00000527  uxTaskPriorityGet                
00000559  uxTaskPriorityGetFromISR         
000005ad  vTaskPrioritySet                 
000006c1  vTaskSuspend                     
000007b5  vTaskResume                      
00000837  xTaskResumeFromISR               
000008c9  vTaskStartScheduler              
00000921  vTaskEndScheduler                
0000093d  vTaskSuspendAll                  
00000955  xTaskResumeAll                   
00000a2b  xTaskGetTickCount                
00000a41  xTaskGetTickCountFromISR         
00000a55  uxTaskGetNumberOfTasks           
00000a61  uxTaskGetSystemState             
00000b35  xTaskIncrementTick               
00000c5d  vTaskSwitchContext               
00000d05  vTaskPlaceOnEventList            
00000d6d  vTaskPlaceOnUnorderedEventList   
00000de1  xTaskRemoveFromEventList         
00000e5d  xTaskRemoveFromUnorderedEventList
00000ecf  vTaskSetTimeOutState             
00000eed  xTaskCheckForTimeOut             
00000f67  vTaskMissedYield                 
00000f79  uxTaskGetTaskNumber              
00000f99  vTaskSetTaskNumber               
0000130d  uxTaskGetStackHighWaterMark      
0000139d  xTaskGetCurrentTaskHandle        
000013b9  vTaskPriorityInherit             
00001473  xTaskPriorityDisinherit          
00001511  uxTaskResetEventItemValue        
00001533  pvTaskIncrementMutexHeldCount    
0000154b  ulTaskNotifyTake                 
00001611  xTaskNotifyWait                  
000016fb  xTaskGenericNotify               
000017ed  xTaskGenericNotifyFromISR        
000018f5  vTaskNotifyGiveFromISR           
0000199b  xTaskNotifyStateClear            
000019ed  xQueueGenericReset               
00001a89  xQueueGenericCreate              
00001af9  xQueueCreateMutex                
00001b6f  xQueueGiveMutexRecursive         
00001bab  xQueueTakeMutexRecursive         
00001bf5  xQueueGenericSend                
00001d1b  xQueueGenericSendFromISR         
00001da7  xQueueGiveFromISR                
00001e27  xQueueGenericReceive             
00001f8d  xQueueReceiveFromISR             
00002013  xQueuePeekFromISR                
00002065  uxQueueMessagesWaiting           
0000207b  uxQueueSpacesAvailable           
0000209b  uxQueueMessagesWaitingFromISR    
000020ad  vQueueDelete                     
000020c3  uxQueueGetQueueNumber            
000020d1  vQueueSetQueueNumber             
000020e3  ucQueueGetQueueType              
00002293  xQueueIsQueueEmptyFromISR        
000022d5  xQueueIsQueueFullFromISR         
000022f7  vQueueAddToRegistry              
00002339  vQueueUnregisterQueue            
0000237d  UARTStdioConfig                  
000023dd  UARTwrite                        
0000242f  UARTgets                         
000024f5  UARTgetc                         
00002529  UARTvprintf                      
00002823  UARTprintf                       
00002859  RGBBlinkIntHandler               
00002887  RGBInit                          
00002973  RGBEnable                        
00002a2b  RGBDisable                       
00002a89  RGBSet                           
00002aa1  RGBColorSet                      
00002b51  RGBIntensitySet                  
00002b65  RGBBlinkRateSet                  
00002bf9  RGBColorGet                      
00002d73  LEDTaskInit                      
00002e71  pvPortMalloc                     
00002f77  vPortFree                        
00002fd9  xPortGetFreeHeapSize             
00002fdf  vPortInitialiseBlocks            
00003119  SwitchTaskInit                   
000031d9  vListInitialise                  
00003209  vListInitialiseItem              
00003219  vListInsertEnd                   
00003255  vListInsert                      
000032bb  uxListRemove                     
00003303  __aeabi_idiv0                    
00003305  ButtonsPoll                      
000033ab  ButtonsInit                      
0000342d  pxPortInitialiseStack            
00003493  xPortStartScheduler              
000034c9  vPortEndScheduler                
000034cb  vPortEnterCritical               
000034eb  vPortExitCritical                
00003501  xPortSysTickHandler              
00003527  vPortSetupTimerInterrupt         
00003555  SysCtlClockGet                   
00003665  vApplicationStackOverflowHook    
0000366f  ConfigureUART                    
000036c9  main                             
00003761  ulPortGetIPSR                    
00003779  xPortPendSVHandler               
000037d9  vPortSVCHandler                  
000037f9  vPortStartFirstTask              
00003815  vPortEnableVFP                   
00003823  __aeabi_memcpy                   
00003823  __aeabi_memcpy4                  
00003823  __aeabi_memcpy8                  
00003823  memcpy                           
000038bf  __aeabi_memclr                   
000038bf  __aeabi_memclr4                  
000038bf  __aeabi_memclr8                  
000038c1  __aeabi_memset                   
000038c1  __aeabi_memset4                  
000038c1  __aeabi_memset8                  
000038c7  memset                           
00003939  __TI_auto_init                   
00003a11  _c_int00                         
00003a61  __aeabi_f2ulz                    
00003ab1  copy_in                          
00003afd  C$$EXIT                          
00003b01  abort                            
00003b09  exit                             
00003b41  __aeabi_uidiv                    
00003b41  __aeabi_uidivmod                 
00003b81  _args_main                       
00003b99  _register_unlock                 
00003b9f  _register_lock                   
00003ba7  _nop                             
00003bad  __TI_decompress_none             
00003bbb  __TI_zero_init                   
00003bc7  ResetISR                         
00003bd3  UARTClockSourceSet               
00003bd9  __TI_decompress_rle24            
00003bdf  _system_pre_init                 
00003c80  ulMaxSyscallInterruptPriority    
00003cac  __TI_Handler_Table_Base          
00003cb8  __TI_Handler_Table_Limit         
00003cc0  __TI_CINIT_Base                  
00003cd0  __TI_CINIT_Limit                 
20007670  xQueueRegistry                   
20007740  g_pLEDQueue                      
20007744  g_pUARTSemaphore                 
20007758  __stack                          
20007958  __STACK_END                      
20007958  __STACK_TOP                      
20007958  pxCurrentTCB                     
2000799c  _lock                            
200079a0  _unlock                          
200079a4  __TI_cleanup_ptr                 
200079a8  __TI_dtors_ptr                   
200079bc  main_func_sp                     
ffffffff  __binit__                        
ffffffff  __c_args__                       
ffffffff  binit                            
UNDEFED   SHT$$INIT_ARRAY$$Base            
UNDEFED   SHT$$INIT_ARRAY$$Limit           

[163 symbols]
